{"fields.msg":"found not","level":"debug","msg":"hhhhhh","time":"2020-07-25T17:24:05+08:00"}
{"fields.msg":"found not","level":"info","msg":"hhhhhh","time":"2020-07-25T17:24:05+08:00"}
{"fields.msg":"found not","level":"warning","msg":"hhhhhh","time":"2020-07-25T17:24:05+08:00"}
{"fields.msg":"found not","level":"error","msg":"hhhhhh","time":"2020-07-25T17:24:05+08:00"}
{"fields.msg":"found not","level":"fatal","msg":"hhhhhh","time":"2020-07-25T17:24:05+08:00"}
